app/actions.ts(52,42): error TS18046: 'error' is of type 'unknown'.
app/actions.ts(100,14): error TS2322: Type 'Record<string, any>[]' is not assignable to type 'LegalPrompt[]'.
  Type 'Record<string, any>' is missing the following properties from type 'LegalPrompt': id, name, prompt, category, and 2 more.
app/actions.ts(129,5): error TS2740: Type '{ variables: string[]; usageCount: number; }' is missing the following properties from type 'LegalPrompt': id, name, prompt, category, and 2 more.
app/actions.ts(178,11): error TS2322: Type 'ZodFormattedError<{ name: string; prompt: string; category: string; systemMessage?: string | undefined; }, string>' is not assignable to type 'Record<string, string> | undefined'.
  Type 'ZodFormattedError<{ name: string; prompt: string; category: string; systemMessage?: string | undefined; }, string>' is not assignable to type 'Record<string, string>'.
    Property '_errors' is incompatible with index signature.
      Type 'string[]' is not assignable to type 'string'.
app/actions.ts(200,29): error TS2740: Type 'Record<string, any>' is missing the following properties from type 'LegalPrompt': id, name, prompt, category, and 2 more.
app/actions.ts(295,11): error TS2322: Type 'ZodFormattedError<{ name: string; prompt: string; category: string; systemMessage?: string | undefined; }, string>' is not assignable to type 'Record<string, string> | undefined'.
  Type 'ZodFormattedError<{ name: string; prompt: string; category: string; systemMessage?: string | undefined; }, string>' is not assignable to type 'Record<string, string>'.
    Property '_errors' is incompatible with index signature.
      Type 'string[]' is not assignable to type 'string'.
app/actions.ts(322,29): error TS2740: Type 'Record<string, any>' is missing the following properties from type 'LegalPrompt': id, name, prompt, category, and 2 more.
app/actions.ts(394,29): error TS2740: Type 'Record<string, any>' is missing the following properties from type 'LegalPrompt': id, name, prompt, category, and 2 more.
app/actions/ai-actions.ts(42,7): error TS2769: No overload matches this call.
  Overload 1 of 3, '(body: ChatCompletionCreateParamsNonStreaming, options?: RequestOptions<unknown> | undefined): APIPromise<ChatCompletion>', gave the following error.
    Type '{ role: string; content: string; }[]' is not assignable to type 'ChatCompletionMessageParam[]'.
      Type '{ role: string; content: string; }' is not assignable to type 'ChatCompletionMessageParam'.
        Property 'name' is missing in type '{ role: string; content: string; }' but required in type 'ChatCompletionFunctionMessageParam'.
  Overload 2 of 3, '(body: ChatCompletionCreateParamsStreaming, options?: RequestOptions<unknown> | undefined): APIPromise<Stream<ChatCompletionChunk>>', gave the following error.
    Type '{ role: string; content: string; }[]' is not assignable to type 'ChatCompletionMessageParam[]'.
      Type '{ role: string; content: string; }' is not assignable to type 'ChatCompletionMessageParam'.
        Property 'name' is missing in type '{ role: string; content: string; }' but required in type 'ChatCompletionFunctionMessageParam'.
  Overload 3 of 3, '(body: ChatCompletionCreateParamsBase, options?: RequestOptions<unknown> | undefined): APIPromise<ChatCompletion | Stream<...>>', gave the following error.
    Type '{ role: string; content: string; }[]' is not assignable to type 'ChatCompletionMessageParam[]'.
      Type '{ role: string; content: string; }' is not assignable to type 'ChatCompletionMessageParam'.
        Property 'name' is missing in type '{ role: string; content: string; }' but required in type 'ChatCompletionFunctionMessageParam'.
app/api/ai/route.ts(53,7): error TS2769: No overload matches this call.
  Overload 3 of 3, '(body: ChatCompletionCreateParamsBase, options?: RequestOptions<unknown> | undefined): APIPromise<ChatCompletion | Stream<...>>', gave the following error.
    Type '{ role: string; content: any; }[]' is not assignable to type 'ChatCompletionMessageParam[]'.
      Type '{ role: string; content: any; }' is not assignable to type 'ChatCompletionMessageParam'.
        Property 'name' is missing in type '{ role: string; content: any; }' but required in type 'ChatCompletionFunctionMessageParam'.
app/api/ai/route.ts(71,18): error TS18046: 'error' is of type 'unknown'.
app/page.tsx(18,19): error TS2322: Type '{ children: Element; asChild: true; className: string; }' is not assignable to type 'IntrinsicAttributes & ButtonProps'.
  Property 'asChild' does not exist on type 'IntrinsicAttributes & ButtonProps'.
app/page.tsx(66,19): error TS2322: Type '{ children: Element; asChild: true; className: string; }' is not assignable to type 'IntrinsicAttributes & ButtonProps'.
  Property 'asChild' does not exist on type 'IntrinsicAttributes & ButtonProps'.
app/page.tsx(100,48): error TS18046: 'error' is of type 'unknown'.
app/prompts/[id]/page.tsx(52,19): error TS2322: Type '{ children: Element; asChild: true; variant: "outline"; className: string; }' is not assignable to type 'IntrinsicAttributes & ButtonProps'.
  Property 'asChild' does not exist on type 'IntrinsicAttributes & ButtonProps'.
app/prompts/[id]/page.tsx(58,19): error TS2322: Type '{ children: Element; asChild: true; variant: "outline"; className: string; }' is not assignable to type 'IntrinsicAttributes & ButtonProps'.
  Property 'asChild' does not exist on type 'IntrinsicAttributes & ButtonProps'.
components/ai-prompt-assistant.tsx(13,23): error TS2307: Cannot find module '@/components/ui/use-toast' or its corresponding type declarations.
components/bulk-actions.tsx(18,23): error TS2307: Cannot find module '@/components/ui/use-toast' or its corresponding type declarations.
components/bulk-actions.tsx(76,19): error TS2322: Type '"destructive"' is not assignable to type '"default" | "outline" | "ghost" | null | undefined'.
components/bulk-actions.tsx(93,21): error TS2322: Type '"destructive"' is not assignable to type '"default" | "outline" | "ghost" | null | undefined'.
components/category-manager.tsx(9,23): error TS2307: Cannot find module '@/components/ui/use-toast' or its corresponding type declarations.
components/collaborative-workspace.tsx(13,23): error TS2307: Cannot find module '@/components/ui/use-toast' or its corresponding type declarations.
components/command-menu.tsx(94,106): error TS2339: Property 'click' does not exist on type 'Element'.
components/create-prompt-form.tsx(12,23): error TS2307: Cannot find module '@/components/ui/use-toast' or its corresponding type declarations.
components/delete-prompt-button.tsx(18,23): error TS2307: Cannot find module '@/components/ui/use-toast' or its corresponding type declarations.
components/delete-prompt-button.tsx(54,15): error TS2322: Type '"destructive"' is not assignable to type '"default" | "outline" | "ghost" | null | undefined'.
components/edit-prompt-form.tsx(13,23): error TS2307: Cannot find module '@/components/ui/use-toast' or its corresponding type declarations.
components/edit-prompt-form.tsx(67,9): error TS2322: Type 'string | null' is not assignable to type 'string | undefined'.
  Type 'null' is not assignable to type 'string | undefined'.
components/enhanced-dashboard.tsx(384,65): error TS7006: Parameter 'value' implicitly has an 'any' type.
components/file-upload.tsx(145,38): error TS2709: Cannot use namespace 'FileRejection' as a type.
components/import-prompts.tsx(9,23): error TS2307: Cannot find module '@/components/ui/use-toast' or its corresponding type declarations.
components/import-prompts.tsx(62,13): error TS2322: Type 'string | null' is not assignable to type 'string | undefined'.
  Type 'null' is not assignable to type 'string | undefined'.
components/layout/app-header.tsx(7,29): error TS2307: Cannot find module '@/components/theme-toggle' or its corresponding type declarations.
components/layout/global-header.tsx(6,24): error TS1261: Already included file name '/Users/joshglen/Downloads/unified-app-final/components/ui/button.tsx' differs from file name '/Users/joshglen/Downloads/unified-app-final/components/ui/Button.tsx' only in casing.
  The file is in the program because:
    Imported via "@/components/ui/button" from file '/Users/joshglen/Downloads/unified-app-final/components/layout/global-header.tsx'
    Imported via "@/components/ui/button" from file '/Users/joshglen/Downloads/unified-app-final/components/command-menu.tsx'
    Imported via "@/components/ui/button" from file '/Users/joshglen/Downloads/unified-app-final/app/not-found.tsx'
    Imported via "@/components/ui/button" from file '/Users/joshglen/Downloads/unified-app-final/app/page.tsx'
    Imported via "@/components/ui/button" from file '/Users/joshglen/Downloads/unified-app-final/components/category-manager.tsx'
    Imported via "@/components/ui/button" from file '/Users/joshglen/Downloads/unified-app-final/components/ui/alert-dialog.tsx'
    Imported via "@/components/ui/button" from file '/Users/joshglen/Downloads/unified-app-final/app/categories/page.tsx'
    Imported via "@/components/ui/button" from file '/Users/joshglen/Downloads/unified-app-final/app/prompts/[id]/error.tsx'
    Imported via "@/components/ui/button" from file '/Users/joshglen/Downloads/unified-app-final/components/prompt-tester-streaming.tsx'
    Imported via "@/components/ui/button" from file '/Users/joshglen/Downloads/unified-app-final/app/prompts/[id]/page.tsx'
    Imported via "@/components/ui/button" from file '/Users/joshglen/Downloads/unified-app-final/components/prompt-actions.tsx'
    Imported via "@/components/ui/button" from file '/Users/joshglen/Downloads/unified-app-final/components/edit-prompt-form.tsx'
    Imported via "@/components/ui/button" from file '/Users/joshglen/Downloads/unified-app-final/components/tag-management.tsx'
    Imported via "@/components/ui/button" from file '/Users/joshglen/Downloads/unified-app-final/app/prompts/[id]/edit/page.tsx'
    Imported via "@/components/ui/button" from file '/Users/joshglen/Downloads/unified-app-final/components/create-prompt-form.tsx'
    Imported via "./ui/button" from file '/Users/joshglen/Downloads/unified-app-final/components/advanced-search.tsx'
    Imported via "@/components/ui/button" from file '/Users/joshglen/Downloads/unified-app-final/components/ui/calendar.tsx'
    Imported via "@/components/ui/button" from file '/Users/joshglen/Downloads/unified-app-final/components/ui/combobox.tsx'
    Imported via "@/components/ui/button" from file '/Users/joshglen/Downloads/unified-app-final/components/ai-prompt-assistant.tsx'
    Imported via "@/components/ui/button" from file '/Users/joshglen/Downloads/unified-app-final/components/bulk-actions.tsx'
    Imported via "@/components/ui/button" from file '/Users/joshglen/Downloads/unified-app-final/components/category-select.tsx'
    Imported via "@/components/ui/button" from file '/Users/joshglen/Downloads/unified-app-final/components/collaborative-workspace.tsx'
    Imported via "@/components/ui/button" from file '/Users/joshglen/Downloads/unified-app-final/components/country-selector.tsx'
    Imported via "@/components/ui/button" from file '/Users/joshglen/Downloads/unified-app-final/components/delete-prompt-button.tsx'
    Imported via "@/components/ui/button" from file '/Users/joshglen/Downloads/unified-app-final/components/error-boundary.tsx'
    Imported via "@/components/ui/button" from file '/Users/joshglen/Downloads/unified-app-final/components/export-prompts.tsx'
    Imported via "./ui/button" from file '/Users/joshglen/Downloads/unified-app-final/components/file-upload.tsx'
    Imported via "@/components/ui/button" from file '/Users/joshglen/Downloads/unified-app-final/components/import-prompts.tsx'
    Imported via "@/components/ui/button" from file '/Users/joshglen/Downloads/unified-app-final/components/keyboard-shortcuts.tsx'
    Imported via "@/components/ui/button" from file '/Users/joshglen/Downloads/unified-app-final/components/legal-prompts-list.tsx'
    Imported via "@/components/ui/button" from file '/Users/joshglen/Downloads/unified-app-final/components/prompt-list-item.tsx'
    Imported via "@/components/ui/button" from file '/Users/joshglen/Downloads/unified-app-final/components/onboarding-tour.tsx'
    Imported via "@/components/ui/button" from file '/Users/joshglen/Downloads/unified-app-final/components/prompt-detail.tsx'
    Imported via "@/components/ui/button" from file '/Users/joshglen/Downloads/unified-app-final/components/tags-input.tsx'
    Imported via "@/components/ui/button" from file '/Users/joshglen/Downloads/unified-app-final/components/prompt-version-history.tsx'
    Imported via "@/components/ui/button" from file '/Users/joshglen/Downloads/unified-app-final/components/prompt-filters.tsx'
    Imported via "@/components/ui/button" from file '/Users/joshglen/Downloads/unified-app-final/components/prompt-preview.tsx'
    Imported via "@/components/ui/button" from file '/Users/joshglen/Downloads/unified-app-final/components/prompt-tester.tsx'
    Imported via "@/components/ui/button" from file '/Users/joshglen/Downloads/unified-app-final/components/prompt-testing-interface.tsx'
    Imported via "@/components/ui/button" from file '/Users/joshglen/Downloads/unified-app-final/components/search-filter.tsx'
    Imported via "@/components/ui/button" from file '/Users/joshglen/Downloads/unified-app-final/components/tags-manager.tsx'
    Imported via "@/components/ui/button" from file '/Users/joshglen/Downloads/unified-app-final/components/version-history.tsx'
    Imported via "@/components/ui/button" from file '/Users/joshglen/Downloads/unified-app-final/components/layout/app-header.tsx'
    Matched by include pattern '**/*.tsx' in '/Users/joshglen/Downloads/unified-app-final/tsconfig.json'
    Imported via "@/components/ui/button" from file '/Users/joshglen/Downloads/unified-app-final/components/ui/carousel.tsx'
    Imported via "@/components/ui/button" from file '/Users/joshglen/Downloads/unified-app-final/components/ui/pagination.tsx'
    Imported via "@/components/ui/button" from file '/Users/joshglen/Downloads/unified-app-final/components/ui/sidebar.tsx'
components/layout/global-header.tsx(7,29): error TS2307: Cannot find module '@/components/theme-toggle' or its corresponding type declarations.
components/layout/global-header.tsx(111,19): error TS2322: Type '{ children: Element; asChild: true; variant: "default"; size: "sm"; className: string; }' is not assignable to type 'IntrinsicAttributes & ButtonProps'.
  Property 'asChild' does not exist on type 'IntrinsicAttributes & ButtonProps'.
components/legal-prompts-list.tsx(39,23): error TS2307: Cannot find module '@/components/ui/use-toast' or its corresponding type declarations.
components/legal-prompts-list.tsx(419,17): error TS2322: Type '{ children: Element; asChild: true; }' is not assignable to type 'IntrinsicAttributes & ButtonProps'.
  Property 'asChild' does not exist on type 'IntrinsicAttributes & ButtonProps'.
components/legal-prompts-list.tsx(431,22): error TS2322: Type 'number[]' is not assignable to type 'string[]'.
  Type 'number' is not assignable to type 'string'.
components/legal-prompts-list.tsx(590,25): error TS2322: Type '(id: number) => void' is not assignable to type '(selected: boolean) => void'.
  Types of parameters 'id' and 'selected' are incompatible.
    Type 'boolean' is not assignable to type 'number'.
components/legal-prompts-list.tsx(593,36): error TS7006: Parameter 'id' implicitly has an 'any' type.
components/onboarding-tour.tsx(7,23): error TS2307: Cannot find module '@/components/ui/use-toast' or its corresponding type declarations.
components/prompt-actions.tsx(18,23): error TS2307: Cannot find module '@/components/ui/use-toast' or its corresponding type declarations.
components/prompt-detail.tsx(14,26): error TS2307: Cannot find module '@/components/ui/use-toast' or its corresponding type declarations.
components/prompt-detail.tsx(133,37): error TS2322: Type '{ children: Element; variant: "outline"; asChild: true; }' is not assignable to type 'IntrinsicAttributes & ButtonProps'.
  Property 'asChild' does not exist on type 'IntrinsicAttributes & ButtonProps'.
components/prompt-detail.tsx(139,19): error TS2322: Type '"destructive"' is not assignable to type '"default" | "outline" | "ghost" | null | undefined'.
components/prompt-list-item.tsx(36,23): error TS2307: Cannot find module '@/components/ui/use-toast' or its corresponding type declarations.
components/prompt-list-item.tsx(189,19): error TS2322: Type '{ children: Element; asChild: true; variant: "ghost"; size: "icon"; className: string; }' is not assignable to type 'IntrinsicAttributes & ButtonProps'.
  Property 'asChild' does not exist on type 'IntrinsicAttributes & ButtonProps'.
components/prompt-list-item.tsx(195,19): error TS2322: Type '{ children: Element; asChild: true; variant: "ghost"; size: "icon"; className: string; }' is not assignable to type 'IntrinsicAttributes & ButtonProps'.
  Property 'asChild' does not exist on type 'IntrinsicAttributes & ButtonProps'.
components/prompt-preview.tsx(9,23): error TS2307: Cannot find module '@/components/ui/use-toast' or its corresponding type declarations.
components/prompt-tester.tsx(10,23): error TS2307: Cannot find module '@/components/ui/use-toast' or its corresponding type declarations.
components/prompt-tester.tsx(74,28): error TS2554: Expected 2 arguments, but got 1.
components/prompt-tester.tsx(81,36): error TS2339: Property 'data' does not exist on type '{ success: boolean; response: string; }'.
components/prompt-tester.tsx(82,30): error TS2339: Property 'data' does not exist on type '{ success: boolean; response: string; }'.
components/prompt-tester.tsx(84,42): error TS2339: Property 'data' does not exist on type '{ success: boolean; response: string; }'.
components/prompt-tester.tsx(89,31): error TS2339: Property 'error' does not exist on type '{ success: boolean; response: string; }'.
components/prompt-testing-interface.tsx(11,23): error TS2307: Cannot find module '@/components/ui/use-toast' or its corresponding type declarations.
components/prompt-testing-interface.tsx(103,28): error TS2554: Expected 2 arguments, but got 1.
components/prompt-testing-interface.tsx(111,30): error TS2339: Property 'data' does not exist on type '{ success: boolean; response: string; }'.
components/prompt-testing-interface.tsx(113,42): error TS2339: Property 'data' does not exist on type '{ success: boolean; response: string; }'.
components/prompt-testing-interface.tsx(117,31): error TS2339: Property 'error' does not exist on type '{ success: boolean; response: string; }'.
components/prompt-version-history.tsx(13,23): error TS2307: Cannot find module '@/components/ui/use-toast' or its corresponding type declarations.
components/prompt-version-history.tsx(16,27): error TS7016: Could not find a declaration file for module 'diff'. '/Users/joshglen/Downloads/unified-app-final/node_modules/.pnpm/diff@7.0.0/node_modules/diff/lib/index.js' implicitly has an 'any' type.
  Try `npm i --save-dev @types/diff` if it exists or add a new declaration (.d.ts) file containing `declare module 'diff';`
components/prompt-version-history.tsx(55,23): error TS2345: Argument of type 'any[] | undefined' is not assignable to parameter of type 'SetStateAction<PromptVersion[]>'.
  Type 'undefined' is not assignable to type 'SetStateAction<PromptVersion[]>'.
components/prompt-version-history.tsx(56,15): error TS18048: 'result.versions' is possibly 'undefined'.
components/prompt-version-history.tsx(57,32): error TS18048: 'result.versions' is possibly 'undefined'.
components/prompt-version-history.tsx(58,17): error TS18048: 'result.versions' is possibly 'undefined'.
components/prompt-version-history.tsx(59,36): error TS18048: 'result.versions' is possibly 'undefined'.
components/prompt-version-history.tsx(125,27): error TS7006: Parameter 'part' implicitly has an 'any' type.
components/prompt-version-history.tsx(125,33): error TS7006: Parameter 'index' implicitly has an 'any' type.
components/tag-management.tsx(7,23): error TS2307: Cannot find module '@/components/ui/use-toast' or its corresponding type declarations.
components/tags-manager.tsx(12,26): error TS2307: Cannot find module '@/components/ui/use-toast' or its corresponding type declarations.
components/theme/theme-toggle.tsx(5,10): error TS2305: Module '"@/components/theme-provider"' has no exported member 'useTheme'.
components/ui/alert-dialog.tsx(7,10): error TS2459: Module '"@/components/ui/button"' declares 'buttonVariants' locally, but it is not exported.
components/ui/badge.tsx(25,13): error TS2304: Cannot find name 'BadgeVariants'.
components/ui/calendar.tsx(8,10): error TS2459: Module '"@/components/ui/button"' declares 'buttonVariants' locally, but it is not exported.
components/ui/calendar.tsx(47,9): error TS2353: Object literal may only specify known properties, and 'IconLeft' does not exist in type 'Partial<CustomComponents>'.
components/ui/carousel.tsx(205,7): error TS2322: Type '{ children: Element[]; disabled: boolean; form?: string | undefined; formAction?: string | ((formData: FormData) => void | Promise<void>) | undefined; formEncType?: string | undefined; ... 286 more ...; className: string; }' is not assignable to type 'IntrinsicAttributes & ButtonProps'.
  Property 'ref' does not exist on type 'IntrinsicAttributes & ButtonProps'.
components/ui/carousel.tsx(234,7): error TS2322: Type '{ children: Element[]; disabled: boolean; form?: string | undefined; formAction?: string | ((formData: FormData) => void | Promise<void>) | undefined; formEncType?: string | undefined; ... 286 more ...; className: string; }' is not assignable to type 'IntrinsicAttributes & ButtonProps'.
  Property 'ref' does not exist on type 'IntrinsicAttributes & ButtonProps'.
components/ui/pagination.tsx(5,23): error TS2459: Module '"@/components/ui/button"' declares 'buttonVariants' locally, but it is not exported.
components/ui/sidebar.tsx(270,7): error TS2322: Type '{ children: Element[]; disabled?: boolean | undefined; form?: string | undefined; formAction?: string | ((formData: FormData) => void | Promise<void>) | undefined; ... 288 more ...; onClick: (event: MouseEvent<...>) => void; }' is not assignable to type 'IntrinsicAttributes & ButtonProps'.
  Property 'ref' does not exist on type 'IntrinsicAttributes & ButtonProps'.
components/version-history.tsx(10,23): error TS2307: Cannot find module '@/components/ui/use-toast' or its corresponding type declarations.
lib/api.ts(1,19): error TS2307: Cannot find module 'axios' or its corresponding type declarations.
lib/server/ai-service.ts(39,7): error TS2769: No overload matches this call.
  Overload 1 of 3, '(body: ChatCompletionCreateParamsNonStreaming, options?: RequestOptions<unknown> | undefined): APIPromise<ChatCompletion>', gave the following error.
    Type '{ role: string; content: string; }[]' is not assignable to type 'ChatCompletionMessageParam[]'.
      Type '{ role: string; content: string; }' is not assignable to type 'ChatCompletionMessageParam'.
        Property 'name' is missing in type '{ role: string; content: string; }' but required in type 'ChatCompletionFunctionMessageParam'.
  Overload 2 of 3, '(body: ChatCompletionCreateParamsStreaming, options?: RequestOptions<unknown> | undefined): APIPromise<Stream<ChatCompletionChunk>>', gave the following error.
    Type '{ role: string; content: string; }[]' is not assignable to type 'ChatCompletionMessageParam[]'.
      Type '{ role: string; content: string; }' is not assignable to type 'ChatCompletionMessageParam'.
        Property 'name' is missing in type '{ role: string; content: string; }' but required in type 'ChatCompletionFunctionMessageParam'.
  Overload 3 of 3, '(body: ChatCompletionCreateParamsBase, options?: RequestOptions<unknown> | undefined): APIPromise<ChatCompletion | Stream<...>>', gave the following error.
    Type '{ role: string; content: string; }[]' is not assignable to type 'ChatCompletionMessageParam[]'.
      Type '{ role: string; content: string; }' is not assignable to type 'ChatCompletionMessageParam'.
        Property 'name' is missing in type '{ role: string; content: string; }' but required in type 'ChatCompletionFunctionMessageParam'.
lib/server/ai-service.ts(46,7): error TS2322: Type 'string | null' is not assignable to type 'string | undefined'.
  Type 'null' is not assignable to type 'string | undefined'.
lib/server/openai.ts(38,7): error TS2769: No overload matches this call.
  Overload 1 of 3, '(body: ChatCompletionCreateParamsNonStreaming, options?: RequestOptions<unknown> | undefined): APIPromise<ChatCompletion>', gave the following error.
    Type '{ role: string; content: string; }[]' is not assignable to type 'ChatCompletionMessageParam[]'.
      Type '{ role: string; content: string; }' is not assignable to type 'ChatCompletionMessageParam'.
        Property 'name' is missing in type '{ role: string; content: string; }' but required in type 'ChatCompletionFunctionMessageParam'.
  Overload 2 of 3, '(body: ChatCompletionCreateParamsStreaming, options?: RequestOptions<unknown> | undefined): APIPromise<Stream<ChatCompletionChunk>>', gave the following error.
    Type '{ role: string; content: string; }[]' is not assignable to type 'ChatCompletionMessageParam[]'.
      Type '{ role: string; content: string; }' is not assignable to type 'ChatCompletionMessageParam'.
        Property 'name' is missing in type '{ role: string; content: string; }' but required in type 'ChatCompletionFunctionMessageParam'.
  Overload 3 of 3, '(body: ChatCompletionCreateParamsBase, options?: RequestOptions<unknown> | undefined): APIPromise<ChatCompletion | Stream<...>>', gave the following error.
    Type '{ role: string; content: string; }[]' is not assignable to type 'ChatCompletionMessageParam[]'.
      Type '{ role: string; content: string; }' is not assignable to type 'ChatCompletionMessageParam'.
        Property 'name' is missing in type '{ role: string; content: string; }' but required in type 'ChatCompletionFunctionMessageParam'.
